#-----------------------------------------------------------
# Vivado v2023.2 (64-bit)
# SW Build 4029153 on Fri Oct 13 20:14:34 MDT 2023
# IP Build 4028589 on Sat Oct 14 00:45:43 MDT 2023
# SharedData Build 4025554 on Tue Oct 10 17:18:54 MDT 2023
# Start of session at: Thu Nov 30 14:36:33 2023
# Process ID: 9764
# Current directory: C:/Users/CPE/Desktop/CPE222/Keep-Swtiching-and-Nobody-Exploded_Dupls/Keep-Swtiching-and-Nobody-Exploded_Dupls.runs/synth_1
# Command line: vivado.exe -log top_module.vds -product Vivado -mode batch -messageDb vivado.pb -notrace -source top_module.tcl
# Log file: C:/Users/CPE/Desktop/CPE222/Keep-Swtiching-and-Nobody-Exploded_Dupls/Keep-Swtiching-and-Nobody-Exploded_Dupls.runs/synth_1/top_module.vds
# Journal file: C:/Users/CPE/Desktop/CPE222/Keep-Swtiching-and-Nobody-Exploded_Dupls/Keep-Swtiching-and-Nobody-Exploded_Dupls.runs/synth_1\vivado.jou
# Running On: DESKTOP-LFUI70J, OS: Windows, CPU Frequency: 2496 MHz, CPU Physical cores: 10, Host memory: 16847 MB
#-----------------------------------------------------------
source top_module.tcl -notrace
