#-----------------------------------------------------------
# Vivado v2023.2 (64-bit)
# SW Build 4029153 on Fri Oct 13 20:14:34 MDT 2023
# IP Build 4028589 on Sat Oct 14 00:45:43 MDT 2023
# SharedData Build 4025554 on Tue Oct 10 17:18:54 MDT 2023
# Start of session at: Thu Nov 30 23:33:19 2023
# Process ID: 11184
# Current directory: C:/Users/witpc/Desktop/Keep-Swtiching-and-Nobody-Exploded
# Command line: vivado.exe -gui_launcher_event rodinguilauncherevent26112 C:\Users\witpc\Desktop\Keep-Swtiching-and-Nobody-Exploded\Keep-Swtiching-and-Nobody-Exploded_Dupls.xpr
# Log file: C:/Users/witpc/Desktop/Keep-Swtiching-and-Nobody-Exploded/vivado.log
# Journal file: C:/Users/witpc/Desktop/Keep-Swtiching-and-Nobody-Exploded\vivado.jou
# Running On: DESKTOP-UERN9I1, OS: Windows, CPU Frequency: 3394 MHz, CPU Physical cores: 16, Host memory: 17035 MB
#-----------------------------------------------------------
start_gui
open_project C:/Users/witpc/Desktop/Keep-Swtiching-and-Nobody-Exploded/Keep-Swtiching-and-Nobody-Exploded_Dupls.xpr
