#-----------------------------------------------------------
# Vivado v2023.2 (64-bit)
# SW Build 4029153 on Fri Oct 13 20:14:34 MDT 2023
# IP Build 4028589 on Sat Oct 14 00:45:43 MDT 2023
# SharedData Build 4025554 on Tue Oct 10 17:18:54 MDT 2023
# Start of session at: Mon Dec  4 00:08:21 2023
# Process ID: 20380
# Current directory: C:/Users/USER/Documents/GitHub/Keep-Swtiching-and-Nobody-Exploded/Keep-Swtiching-and-Nobody-Exploded_Dupls.runs/impl_1
# Command line: vivado.exe -log top_module.vdi -applog -product Vivado -messageDb vivado.pb -mode batch -source top_module.tcl -notrace
# Log file: C:/Users/USER/Documents/GitHub/Keep-Swtiching-and-Nobody-Exploded/Keep-Swtiching-and-Nobody-Exploded_Dupls.runs/impl_1/top_module.vdi
# Journal file: C:/Users/USER/Documents/GitHub/Keep-Swtiching-and-Nobody-Exploded/Keep-Swtiching-and-Nobody-Exploded_Dupls.runs/impl_1\vivado.jou
# Running On: LAPTOP-KBPR84U8, OS: Windows, CPU Frequency: 3194 MHz, CPU Physical cores: 16, Host memory: 7798 MB
#-----------------------------------------------------------
source top_module.tcl -notrace
